// Jest Snapshot v1, https://goo.gl/fbAQLP

exports[`Logo is renders 1`] = `
<span
  className="logo-name"
>
  Netï¬‚ixroulette
</span>
`;
