// Jest Snapshot v1, https://goo.gl/fbAQLP

exports[`Footer is renders 1`] = `
<footer
  className="footer"
>
  <Logo />
</footer>
`;
