// Jest Snapshot v1, https://goo.gl/fbAQLP

exports[`MoviePage is renders 1`] = `
<MainLayout>
  <Header
    isShowSearchButton={true}
  />
  <InformPanel />
  <NoFilmsFound />
</MainLayout>
`;
