// Jest Snapshot v1, https://goo.gl/fbAQLP

exports[`Input is renders 1`] = `
<input
  className="title"
  onChange={[Function]}
/>
`;
