// Jest Snapshot v1, https://goo.gl/fbAQLP

exports[`WithErrorHandler is renders 1`] = `
<Fragment>
  <Modal
    closeModal={[Function]}
    show={null}
  />
  <Connect(MainPage) />
</Fragment>
`;
