// Jest Snapshot v1, https://goo.gl/fbAQLP

exports[`NoFilmsFound is renders 1`] = `
<div
  className="noFilmsFound-container"
>
  No Films Found
</div>
`;
