// Jest Snapshot v1, https://goo.gl/fbAQLP

exports[`InformPanel is renders 1`] = `
<div
  className="informPanel"
/>
`;
